
Memory Configuration

Name             Origin             Length             Attributes
flash            0x08000000         0x00020000         xr
sram             0x20000000         0x00005000         xrw
*default*        0x00000000         0xffffffff

Linker script and memory map


.text           0x08000000       0xf0
 *(.vectors*)
 .vectors       0x08000000       0x50 startup.o
 *(.text*)
 .text          0x08000050       0x94 main.o
                0x08000050                main
 .text          0x080000e4        0x8 startup.o
 *(.rodata)
 .rodata        0x080000ec        0x4 main.o
                0x080000ec                const_variables

.glue_7         0x080000f0        0x0
 .glue_7        0x00000000        0x0 linker stubs

.glue_7t        0x080000f0        0x0
 .glue_7t       0x00000000        0x0 linker stubs

.vfp11_veneer   0x080000f0        0x0
 .vfp11_veneer  0x00000000        0x0 linker stubs

.v4_bx          0x080000f0        0x0
 .v4_bx         0x00000000        0x0 linker stubs

.iplt           0x080000f0        0x0
 .iplt          0x00000000        0x0 main.o

.rel.dyn        0x080000f0        0x0
 .rel.iplt      0x00000000        0x0 main.o

.data           0x080000f0       0x10
 *(.data)
 .data          0x080000f0       0x10 main.o
                0x080000f0                APB2ENR
                0x080000f4                CRH
                0x080000f8                PORTA
                0x080000fc                g_variables
 .data          0x08000100        0x0 startup.o

.igot.plt       0x08000100        0x0
 .igot.plt      0x00000000        0x0 main.o

.bss            0x20000000        0x0
 *(.bss)
 .bss           0x20000000        0x0 main.o
 .bss           0x20000000        0x0 startup.o
LOAD main.o
LOAD startup.o
OUTPUT(learn-in-depth_cortex_m3.elf elf32-littlearm)

.debug_info     0x00000000      0x424
 .debug_info    0x00000000      0x375 main.o
 .debug_info    0x00000375       0xaf startup.o

.debug_abbrev   0x00000000      0x104
 .debug_abbrev  0x00000000       0xf0 main.o
 .debug_abbrev  0x000000f0       0x14 startup.o

.debug_loc      0x00000000       0x38
 .debug_loc     0x00000000       0x38 main.o

.debug_aranges  0x00000000       0x40
 .debug_aranges
                0x00000000       0x20 main.o
 .debug_aranges
                0x00000020       0x20 startup.o

.debug_line     0x00000000       0xd6
 .debug_line    0x00000000       0x9b main.o
 .debug_line    0x0000009b       0x3b startup.o

.debug_str      0x00000000      0x1e8
 .debug_str     0x00000000      0x1e8 main.o
                                0x21c (size before relaxing)

.comment        0x00000000       0x11
 .comment       0x00000000       0x11 main.o
                                 0x12 (size before relaxing)

.ARM.attributes
                0x00000000       0x31
 .ARM.attributes
                0x00000000       0x33 main.o
 .ARM.attributes
                0x00000033       0x21 startup.o

.debug_frame    0x00000000       0x2c
 .debug_frame   0x00000000       0x2c main.o
