
Allocating common symbols
Common symbol       size              file

bss_var             0x3               main.o

Memory Configuration

Name             Origin             Length             Attributes
flash            0x08000000         0x00020000         xr
sram             0x20000000         0x00005000         xrw
*default*        0x00000000         0xffffffff

Linker script and memory map


.text           0x08000000      0x17c
 *(.vectors*)
 .vectors       0x08000000       0x1c startup.o
                0x08000000                vectors
 *(.text*)
 .text          0x0800001c       0xa0 main.o
                0x0800001c                H_fault_Handler
                0x08000028                main
 .text          0x080000bc       0xbc startup.o
                0x080000bc                Reset_Handler
                0x0800016c                MM_Fault_Handler
                0x0800016c                Bus_Fault
                0x0800016c                Usage_Fault_Handler
                0x0800016c                Default_handler
                0x0800016c                NMI_Handler
 *(.rodata)
 .rodata        0x08000178        0x4 main.o
                0x08000178                const_variables
                0x0800017c                _E_text = .

.glue_7         0x0800017c        0x0
 .glue_7        0x00000000        0x0 linker stubs

.glue_7t        0x0800017c        0x0
 .glue_7t       0x00000000        0x0 linker stubs

.vfp11_veneer   0x0800017c        0x0
 .vfp11_veneer  0x00000000        0x0 linker stubs

.v4_bx          0x0800017c        0x0
 .v4_bx         0x00000000        0x0 linker stubs

.iplt           0x0800017c        0x0
 .iplt          0x00000000        0x0 main.o

.rel.dyn        0x0800017c        0x0
 .rel.iplt      0x00000000        0x0 main.o

.data           0x20000000       0x10 load address 0x0800017c
                0x20000000                _S_data = .
 *(.data)
 .data          0x20000000       0x10 main.o
                0x20000000                APB2ENR
                0x20000004                CRH
                0x20000008                PORTA
                0x2000000c                g_variables
 .data          0x20000010        0x0 startup.o
                0x20000010                . = ALIGN (0x4)
                0x20000010                _E_data = .

.igot.plt       0x20000010        0x0 load address 0x0800018c
 .igot.plt      0x00000000        0x0 main.o

.bss            0x20000010     0x1003 load address 0x0800018c
                0x20000010                _S_bss = .
 *(.bss*)
 .bss           0x20000010        0x0 main.o
 .bss           0x20000010        0x0 startup.o
                0x20000010                . = ALIGN (0x4)
                0x20000010                _E_bss = .
                0x20001010                . = (. + 0x1000)
 *fill*         0x20000010     0x1000 
                0x20001010                _stack_top = .
 COMMON         0x20001010        0x3 main.o
                0x20001010                bss_var
LOAD main.o
LOAD startup.o
OUTPUT(learn-in-depth_cortex_m3.elf elf32-littlearm)

.debug_info     0x00000000      0x503
 .debug_info    0x00000000      0x39c main.o
 .debug_info    0x0000039c      0x167 startup.o

.debug_abbrev   0x00000000      0x1c6
 .debug_abbrev  0x00000000      0x106 main.o
 .debug_abbrev  0x00000106       0xc0 startup.o

.debug_loc      0x00000000       0xc8
 .debug_loc     0x00000000       0x64 main.o
 .debug_loc     0x00000064       0x64 startup.o

.debug_aranges  0x00000000       0x40
 .debug_aranges
                0x00000000       0x20 main.o
 .debug_aranges
                0x00000020       0x20 startup.o

.debug_line     0x00000000      0x149
 .debug_line    0x00000000       0x9d main.o
 .debug_line    0x0000009d       0xac startup.o

.debug_str      0x00000000      0x271
 .debug_str     0x00000000      0x1fb main.o
                                0x22f (size before relaxing)
 .debug_str     0x000001fb       0x76 startup.o
                                0x19a (size before relaxing)

.comment        0x00000000       0x11
 .comment       0x00000000       0x11 main.o
                                 0x12 (size before relaxing)
 .comment       0x00000000       0x12 startup.o

.ARM.attributes
                0x00000000       0x33
 .ARM.attributes
                0x00000000       0x33 main.o
 .ARM.attributes
                0x00000033       0x33 startup.o

.debug_frame    0x00000000       0x90
 .debug_frame   0x00000000       0x44 main.o
 .debug_frame   0x00000044       0x4c startup.o
